[2026-04-28 02:20:00] [System] [SERVER ONLINE]
[2026-04-28 02:20:09] [System] [User 'bafaf' connected]
[2026-04-28 02:20:20] [User] [[bafaf]: halo
][2026-04-28 02:20:26] [System] [User 'hakase' connected]
[2026-04-28 02:20:30] [User] [[hakase]: annyeong
][2026-04-28 02:20:39] [User] [[bafaf]: privyet
][2026-04-28 02:20:52] [User] [[hakase]: nihao
][2026-04-28 02:21:53] [System] [User 'The Knights' connected]
[2026-04-28 02:22:01] [Admin] [RPC_GET_USERS]
[2026-04-28 02:23:31] [Admin] [RPC_GET_UPTIME]
[2026-04-28 02:23:37] [System] [User 'The Knights' disconnected]
[2026-04-28 02:23:51] [System] [User 'The Knights' connected]
[2026-04-28 02:23:53] [Admin] [RPC_SHUTDOWN]
[2026-04-28 02:30:21] [System] [SERVER ONLINE]
[2026-04-28 02:48:36] [System] [SERVER ONLINE]
[2026-04-28 02:50:14] [System] [User 'The Knights' connected]
[2026-04-28 02:50:20] [Admin] [RPC_GET_USERS]
[2026-04-28 02:51:29] [Admin] [RPC_GET_UPTIME]
[2026-04-28 02:51:39] [System] [User 'The Knights' disconnected]
[2026-04-28 02:51:51] [System] [User 'The Knights' connected]
[2026-04-28 02:51:58] [System] [User 'bafaf' connected]
[2026-04-28 02:52:05] [System] [User 'hakase' connected]
[2026-04-28 02:52:08] [User] [[hakase]: nihaoo
]
[2026-04-28 02:52:10] [User] [[bafaf]: haloo
]
[2026-04-28 02:52:17] [User] [[bafaf]: haloo
]
[2026-04-28 02:52:19] [User] [[bafaf]: haloo
]
[2026-04-28 02:55:05] [User] [[bafaf]: apa kabar
]
[2026-04-28 02:55:15] [User] [[hakase]: tidak baik
]
[2026-04-28 02:55:20] [Admin] [RPC_GET_USERS]
[2026-04-28 02:55:25] [Admin] [RPC_SHUTDOWN]
[2026-04-28 02:57:06] [System] [SERVER ONLINE]
[2026-04-28 02:57:18] [System] [User 'afaf' connected]
[2026-04-28 02:57:20] [User] [[afaf]: sup
]
[2026-04-28 03:07:46] [System] [SERVER ONLINE]
[2026-04-28 03:08:21] [System] [User 'bafaf' connected]
[2026-04-28 03:08:33] [System] [User 'hakase' connected]
[2026-04-28 03:08:35] [User] [[bafaf]: pls work dong
][2026-04-28 03:08:43] [User] [[hakase]: iya bang pls work saya cape
][2026-04-28 03:08:55] [System] [User 'The Knights' connected]
[2026-04-28 03:08:56] [Admin] [RPC_GET_USERS]
[2026-04-28 03:08:58] [Admin] [RPC_GET_UPTIME]
[2026-04-28 03:09:01] [Admin] [RPC_SHUTDOWN]
[2026-04-28 03:18:48] [System] [SERVER ONLINE]
[2026-04-28 03:19:51] [System] [User 'bafaf' connected]
[2026-04-28 03:19:51] [User] [[bafaf]: 

s
s
s
s
s
s
]
[2026-04-28 03:20:20] [System] [User 'hakase' connected]
[2026-04-28 03:20:48] [System] [User 'bafaf' disconnected]
[2026-04-28 03:21:29] [User] [[hakase]: hello
]
[2026-04-28 11:41:59] [System] [SERVER ONLINE]
[2026-04-28 11:42:18] [System] [User 'The Knights' connected]
[2026-04-28 11:42:29] [System] [User 'nano' connected]
[2026-04-28 11:42:36] [User] [[nano]: iya pls bisa dong
][2026-04-28 11:42:39] [System] [User 'The Knights' disconnected]
[2026-04-28 11:44:05] [User] [[nano]: pls
][2026-04-28 11:44:08] [User] [[nano]: pls work
][2026-04-28 11:44:45] [System] [User 'nano' disconnected]
[2026-04-28 11:45:22] [System] [SERVER ONLINE]
[2026-04-28 11:45:34] [System] [User 'dokkaebi' connected]
[2026-04-28 11:45:40] [User] [[dokkaebi]: halo apakah bisa
]
[2026-04-28 11:46:00] [System] [User 'dokkaebi' disconnected]
[2026-04-28 11:49:16] [System] [SERVER ONLINE]
[2026-04-28 11:49:32] [System] [User 'The Knights' connected]
[2026-04-28 11:49:49] [Admin] [RPC_GET_USERS]
[2026-04-28 11:49:58] [Admin] [RPC_GET_UPTIME]
[2026-04-28 11:50:04] [Admin] [RPC_SHUTDOWN]
[2026-04-28 11:53:27] [System] [SERVER ONLINE]
[2026-04-28 11:53:39] [System] [User 'The Knights' connected]
[2026-04-28 11:53:44] [Admin] [RPC_GET_USERS]
[2026-04-28 11:57:41] [System] [SERVER ONLINE]
[2026-04-28 11:58:12] [System] [User 'The Knights' connected]
[2026-04-28 11:58:44] [System] [SERVER ONLINE]
[2026-04-28 12:00:22] [System] [SERVER ONLINE]
[2026-04-28 12:01:52] [System] [SERVER ONLINE]
[2026-04-28 12:02:41] [System] [User 'The Knights' connected]
[2026-04-28 12:02:49] [System] [User 'The Knights' disconnected]
[2026-04-28 12:03:12] [System] [SERVER ONLINE]
[2026-04-28 12:11:05] [System] [SERVER ONLINE]
[2026-04-28 12:11:22] [System] [User 'neuro' connected]
[2026-04-28 12:11:37] [User] [[neuro]: ]
[2026-04-28 12:11:38] [User] [[neuro]: s]
[2026-04-28 12:12:17] [System] [User 'deo' connected]
[2026-04-28 12:12:28] [System] [User 'deo' disconnected]
[2026-04-28 12:12:30] [System] [User 'neuro' disconnected]
[2026-04-28 12:13:43] [System] [SERVER ONLINE]
[2026-04-28 12:13:49] [System] [User 'deo' connected]
[2026-04-28 12:14:39] [System] [User 'evil' connected]
[2026-04-28 12:14:45] [User] [[evil]: halo deo]
[2026-04-28 12:14:55] [User] [[deo]: halo evil]
[2026-04-28 12:19:28] [System] [SERVER ONLINE]
[2026-04-28 12:20:28] [System] [SERVER ONLINE]
[2026-04-28 12:20:33] [System] [User 'neuro' connected]
[2026-04-28 12:20:39] [User] [[neuro]: test apakah work][2026-04-28 12:21:03] [System] [User 'evil' connected]
[2026-04-28 12:21:09] [User] [[evil]: halo neuro][2026-04-28 12:21:20] [User] [[neuro]: halo evil][2026-04-28 12:21:47] [System] [User 'neuro' disconnected]
[2026-04-28 12:21:50] [User] [[evil]: /exiy][2026-04-28 12:21:58] [System] [User 'evil' disconnected]
[2026-04-28 14:00:09] [System] [SERVER ONLINE]
[2026-04-28 14:00:44] [System] [User 'The Knights' connected]
[2026-04-28 14:00:48] [Admin] [RPC_GET_USERS]
[2026-04-28 14:00:58] [Admin] [RPC_GET_UPTIME]
[2026-04-28 14:01:00] [System] [User 'The Knights' disconnected]
[2026-04-28 14:01:07] [System] [User 'The Knights' connected]
[2026-04-28 14:01:08] [Admin] [RPC_SHUTDOWN]
[2026-04-28 14:01:31] [System] [SERVER ONLINE]
[2026-04-28 14:02:16] [System] [SERVER ONLINE]
[2026-04-28 14:03:38] [System] [User 'bafaf' connected]
[2026-04-28 14:03:40] [User] [[bafaf]: halo]
[2026-04-28 14:06:45] [System] [SERVER ONLINE]
[2026-04-28 14:10:33] [System] [SERVER ONLINE]
[2026-04-28 14:11:01] [System] [User 'The Knights' connected]
[2026-04-28 14:11:13] [Admin] [RPC_GET_USERS]
[2026-04-28 14:11:16] [Admin] [RPC_GET_UPTIME]
[2026-04-28 14:11:19] [System] [User 'The Knights' disconnected]
[2026-04-28 14:11:37] [System] [User 'The Knights' connected]
[2026-04-28 14:11:39] [Admin] [RPC_SHUTDOWN]
[2026-04-28 14:11:45] [System] [SERVER ONLINE]
[2026-04-28 14:16:56] [System] [SERVER ONLINE]
[2026-04-28 14:17:17] [System] [User 'The Knights' connected]
[2026-04-28 14:17:18] [System] [User 'The Knights' disconnected]
[2026-04-28 14:17:31] [System] [User 'The Knights' connected]
[2026-04-28 14:17:47] [Admin] [RPC_GET_USERS]
[2026-04-28 14:17:51] [Admin] [RPC_SHUTDOWN]
[2026-04-28 14:19:39] [System] [SERVER ONLINE]
[2026-04-28 14:19:46] [System] [User 'tobby' connected]
[2026-04-28 14:19:53] [User] [[tobby]: suppp]
[2026-04-28 14:20:19] [System] [User 'tobby' disconnected]
[2026-04-28 14:21:38] [System] [SERVER ONLINE]
[2026-04-28 14:21:46] [System] [User 'tobby' connected]
[2026-04-28 14:21:49] [User] [[tobby]: halo guys
]
[2026-04-28 14:21:51] [System] [User 'tobby' disconnected]
[2026-04-28 14:29:25] [System] [SERVER ONLINE]
[2026-04-28 14:29:39] [System] [User 'The Knights' connected]
[2026-04-28 14:30:09] [System] [User 'bruno' connected]
[2026-04-28 14:32:04] [Admin] [RPC_GET_USERS]
[2026-04-28 14:33:49] [System] [SERVER ONLINE]
[2026-04-28 14:33:53] [System] [User 'bruno' connected]
[2026-04-28 14:36:01] [System] [User 'GET / HTTP/1.1' connected]
[2026-04-28 14:36:01] [User] [[GET / HTTP/1.1]: keep-alive]
[2026-04-28 14:36:01] [System] [User 'GET / HTTP/1.1' disconnected]
[2026-04-28 14:36:02] [System] [User 'GET / HTTP/1.1' connected]
[2026-04-28 14:36:02] [User] [[GET / HTTP/1.1]: keep-alive]
[2026-04-28 14:36:02] [System] [User 'GET / HTTP/1.1' disconnected]
[2026-04-28 14:38:26] [System] [SERVER ONLINE]
[2026-04-28 14:39:43] [System] [SERVER ONLINE]
[2026-04-28 14:40:01] [System] [User 'The Knights' connected]
[2026-04-28 14:40:13] [System] [User 'bruno' connected]
[2026-04-28 14:40:17] [System] [User 'bruno' disconnected]
[2026-04-28 14:40:22] [System] [User 'bruno' connected]
[2026-04-28 14:42:27] [System] [User '' connected]
[2026-04-28 14:42:27] [System] [User 'bruno' disconnected]
[2026-04-28 14:42:27] [System] [User '' disconnected]
[2026-04-28 14:42:27] [System] [User 'The Knights' disconnected]
[2026-04-28 14:57:38] [System] [SERVER ONLINE]
[2026-04-28 14:57:52] [System] [User 'The Knights' connected]
[2026-04-28 14:57:54] [Admin] [RPC_GET_USERS]
[2026-04-28 14:58:26] [System] [User 'The Knights' disconnected]
[2026-04-28 15:01:47] [System] [SERVER ONLINE]
[2026-04-28 15:01:55] [System] [User 'tobby' connected]
[2026-04-28 15:04:07] [System] [User 'kihi' connected]
[2026-04-28 15:04:15] [User] [[kihi]: annyeonghaseyoo tobby]
[2026-04-28 15:04:31] [User] [[tobby]: annyeong kihi]
[2026-04-28 15:06:31] [System] [User 'kihi' disconnected]
[2026-04-28 15:06:34] [System] [User 'tobby' disconnected]
[2026-04-28 15:08:23] [System] [SERVER ONLINE]
[2026-04-28 15:08:33] [System] [User 'tobby' connected]
[2026-04-28 15:08:36] [System] [User 'kihi' connected]
[2026-04-28 15:08:43] [User] [[tobby]: hai kihii]
[2026-04-28 15:08:54] [User] [[kihi]: halo tobbbyy]
[2026-04-28 15:09:07] [System] [User 'kihi' disconnected]
[2026-04-28 15:09:36] [System] [User 'tobby' disconnected]
